// Jest Snapshot v1, https://goo.gl/fbAQLP

exports[`ChildWindow should render 1`] = `
<div>
  <div
    class="base"
  />
</div>
`;
